// Jest Snapshot v1, https://goo.gl/fbAQLP

exports[`Collapse must match the diff snapshot between Expand vs Collapse Props 1`] = `
Snapshot Diff:
Compared values have no visual difference.
`;

exports[`Collapse must match the diff snapshot between forceExpandOnDesktop vs default Props 1`] = `
Snapshot Diff:
Compared values have no visual difference.
`;

exports[`Collapse must match the snapshot with default Props 1`] = `
<TileSeparatorStyle
  aria-expanded={false}
>
  <CollapseTriggerStyle
    aria-disabled={false}
    aria-label="common.expand_collapse"
    disabled={false}
    onClick={[Function]}
  >
    <ThirdLevelTitleStyle>
      foo
    </ThirdLevelTitleStyle>
    <CollapseIconStyle
      aria-hidden={true}
      iscollapsed={true}
    >
      <SvgAngleArrowRight />
    </CollapseIconStyle>
  </CollapseTriggerStyle>
  <CollapseContentStyle
    aria-hidden={true}
    forcedexpand={false}
    iscollapsed={true}
  >
    <CollapseSeparatorStyle
      aria-hidden={true}
    />
    bar
  </CollapseContentStyle>
</TileSeparatorStyle>
`;
