// Jest Snapshot v1, https://goo.gl/fbAQLP

exports[`DetailledResultItem must match the snapshot with default Props 1`] = `
.c1 {
  display: -webkit-box;
  display: -webkit-flex;
  display: -ms-flexbox;
  display: flex;
}

.c6 {
  display: -webkit-box;
  display: -webkit-flex;
  display: -ms-flexbox;
  display: flex;
  -webkit-box-pack: justify;
  -webkit-justify-content: space-between;
  -ms-flex-pack: justify;
  justify-content: space-between;
}

.c7 {
  font-size: 12px;
  line-height: 22px;
  font-family: 'Roboto Bold',Arial,sans-serif;
  color: rgb(85,131,34);
}

.c8 {
  font-size: 12px;
  line-height: 22px;
  color: rgb(102,102,102);
}

.c0 {
  display: -webkit-box;
  display: -webkit-flex;
  display: -ms-flexbox;
  display: flex;
  -webkit-flex-flow: column;
  -ms-flex-flow: column;
  flex-flow: column;
  -webkit-flex: 1;
  -ms-flex: 1;
  flex: 1;
  padding: 0 15px;
  min-width: 200px;
}

.c0.disagree {
  border-left: 1px solid rgb(229,229,229);
  border-right: 1px solid rgb(229,229,229);
}

.c2 {
  display: -webkit-box;
  display: -webkit-flex;
  display: -ms-flexbox;
  display: flex;
  -webkit-flex-flow: column;
  -ms-flex-flow: column;
  flex-flow: column;
  margin-left: 10px;
  -webkit-box-pack: center;
  -webkit-justify-content: center;
  -ms-flex-pack: center;
  justify-content: center;
}

.c4 {
  font-size: 12px;
  color: rgb(102,102,102);
  margin: 3px 0;
}

.c3 {
  font-size: 12px;
  color: rgb(102,102,102);
  margin: 3px 0;
  font-size: 14px;
  font-family: 'Roboto Bold',Arial,sans-serif;
}

.c5 {
  padding: 0;
  list-style: none;
  margin-top: 10px;
}

@media (min-width:767px) {
  .c7 {
    font-size: 14px;
  }
}

@media (min-width:767px) {
  .c8 {
    font-size: 14px;
  }
}

@media (min-width:767px) {
  .c4 {
    font-size: 14px;
  }
}

@media (min-width:767px) {
  .c3 {
    font-size: 14px;
  }
}

@media (min-width:767px) {
  .c3 {
    font-size: 16px;
  }
}

<li
  className="agree c0"
>
  <div
    className="c1"
  >
    <ScreenReaderItemStyle>
      vote.agree
    </ScreenReaderItemStyle>
    <IsVotedButtonStyle
      aria-hidden={true}
      as="div"
      color="rgb(85,131,34)"
    >
      <svg
        height="1em"
        viewBox="0 0 15 16"
        width="1em"
      >
        <path
          d="M14.522 8.942c.319-.474.478-.996.478-1.567 0-.66-.247-1.234-.742-1.721-.495-.488-1.08-.731-1.758-.731h-1.719c.313-.635.47-1.25.47-1.846 0-.75-.115-1.346-.343-1.789a2.13 2.13 0 0 0-.996-.976A3.38 3.38 0 0 0 8.438 0c-.333 0-.626.119-.88.356-.28.269-.481.615-.605 1.038-.124.423-.223.829-.298 1.217-.074.387-.19.661-.346.822-.32.34-.668.75-1.045 1.23-.658.84-1.104 1.337-1.338 1.49H1.25c-.345 0-.64.121-.884.361S0 7.044 0 7.384v6.154c0 .34.122.63.366.87s.539.361.884.361h2.812c.144 0 .593.128 1.348.385.8.275 1.506.485 2.114.63A7.998 7.998 0 0 0 9.375 16h1.26c.918 0 1.657-.258 2.217-.774s.836-1.22.83-2.11a2.68 2.68 0 0 0 .586-1.712c0-.141-.01-.279-.03-.414.248-.429.372-.89.372-1.384 0-.231-.03-.452-.088-.664zM2.315 13.356a.606.606 0 0 1-.44.183.606.606 0 0 1-.44-.183.587.587 0 0 1-.185-.433c0-.167.062-.31.186-.433a.606.606 0 0 1 .44-.182c.168 0 .315.06.439.182a.587.587 0 0 1 .185.433.587.587 0 0 1-.185.433zM13.54 8.164c-.14.295-.314.445-.522.452.098.109.179.261.244.457.065.195.098.373.098.533 0 .442-.173.824-.518 1.144.117.205.176.426.176.664a1.6 1.6 0 0 1-.17.706 1.078 1.078 0 0 1-.465.505c.033.192.049.372.049.538 0 1.07-.625 1.606-1.875 1.606H9.375c-.853 0-1.966-.234-3.34-.702a5.553 5.553 0 0 0-1.343-.437 4.48 4.48 0 0 0-.322-.063 1.999 1.999 0 0 0-.307-.029H3.75V7.385h.313a.85.85 0 0 0 .346-.087c.127-.057.258-.144.391-.26a5.657 5.657 0 0 0 .766-.764 19.1 19.1 0 0 0 .645-.803l.225-.288c.358-.436.609-.727.752-.875.267-.276.46-.626.58-1.053.121-.426.22-.828.298-1.206.079-.379.202-.651.372-.818.625 0 1.042.15 1.25.452.208.301.312.766.312 1.394 0 .378-.156.893-.469 1.543-.312.651-.468 1.162-.468 1.534H12.5c.326 0 .616.123.87.37.253.247.38.534.38.86 0 .225-.07.485-.21.78z"
        />
      </svg>
    </IsVotedButtonStyle>
    <div
      className="c2"
    >
      <p
        className="c3"
      >
        common.percent
      </p>
      <p
        className="c4"
      >
        vote.label
      </p>
    </div>
  </div>
  <ScreenReaderItemStyle>
    qualification.static_repartition
  </ScreenReaderItemStyle>
  <ul
    className="c5"
  >
    <li
      className="c6"
    >
      <span
        className="c7"
        color="rgb(85,131,34)"
      >
        qualification.likeIt
      </span>
      <ScreenReaderItemStyle>
         : 
      </ScreenReaderItemStyle>
      <span
        className="c8"
      >
         4 
      </span>
      <ScreenReaderItemStyle>
        qualification.times
      </ScreenReaderItemStyle>
    </li>
    <li
      className="c6"
    >
      <span
        className="c7"
        color="rgb(85,131,34)"
      >
        qualification.doable
      </span>
      <ScreenReaderItemStyle>
         : 
      </ScreenReaderItemStyle>
      <span
        className="c8"
      >
         2 
      </span>
      <ScreenReaderItemStyle>
        qualification.times
      </ScreenReaderItemStyle>
    </li>
    <li
      className="c6"
    >
      <span
        className="c7"
        color="rgb(85,131,34)"
      >
        qualification.platitudeAgree
      </span>
      <ScreenReaderItemStyle>
         : 
      </ScreenReaderItemStyle>
      <span
        className="c8"
      >
         2 
      </span>
      <ScreenReaderItemStyle>
        qualification.times
      </ScreenReaderItemStyle>
    </li>
  </ul>
</li>
`;
