// Jest Snapshot v1, https://goo.gl/fbAQLP

exports[`SortedList must match the snapshot with default Props 1`] = `
.c0 {
  position: absolute;
  height: 1px;
  width: 1px;
  overflow: hidden;
  -webkit-clip: rect(1px,1px,1px,1px);
  clip: rect(1px,1px,1px,1px);
}

<SortedListStyle>
  <li>
    <SortedButtonStyle
      className="selected"
      onClick={[Function]}
    >
      <SortedRadioStyle>
        <SvgCheck
          style="CheckedStyle"
        />
      </SortedRadioStyle>
      <span
        className="c0"
      >
        consultation.sortby
      </span>
      consultation.sort.foo
    </SortedButtonStyle>
  </li>
  <li>
    <SortedButtonStyle
      className={false}
      onClick={[Function]}
    >
      <SortedRadioStyle />
      <span
        className="c0"
      >
        consultation.sortby
      </span>
      consultation.sort.bar
    </SortedButtonStyle>
  </li>
  <li>
    <SortedButtonStyle
      className={false}
      onClick={[Function]}
    >
      <SortedRadioStyle />
      <span
        className="c0"
      >
        consultation.sortby
      </span>
      consultation.sort.baz
    </SortedButtonStyle>
  </li>
</SortedListStyle>
`;
